extension S: Assay.ContextualJSONAssayable {public typealias AssayContext = Ctx

nonisolated static let __assayKeyTable: [UInt8] = {
    var t = [UInt8](repeating: 2, count: 256)
        t[97] = 0
        t[110] = 1
    return t
}()

nonisolated public static func _assay(
    from reader: inout Assay.AssayReader,
    into sink: inout Assay.IssueSink,
    at path: [Assay.PathComponent],
            context: Ctx
) -> S? {
    guard reader.tryConsume(0x7B) else {
        reader.reportTypeMismatch(&sink, path, expected: "object")
        return nil
    }
    guard reader.enterContainer(&sink) else { return nil }
    // Issues THIS decode added, not issues that exist. `sink.isValid` asks "has
    // anything ever failed?", which is wrong the moment one sink spans more than
    // one decode — a driver collecting every issue from a result set would find
    // one bad row silently discarding every good row after it.
    let __ck0 = sink.checkpoint()

    var __f0: Int? = nil
    var __f1: Nested? = nil
    var __presence: UInt64 = 0

    if !reader.tryConsume(0x7D) {
        while true {
            guard let __key = reader.scanKey() else {
                reader.reportMalformed(&sink, path)
                reader.leaveContainer()
                return nil
            }
            guard reader.expect(0x3A) else {
                reader.reportMalformed(&sink, path)
                reader.leaveContainer()
                return nil
            }
                let __w = reader._keyWindow(
                    __key,
                    byteOffset: 0,
                    shift: 0)
                switch Self.__assayKeyTable[Int(__w)] {
                case 0:
                    if reader.keyMatches(__key, "a") {
                        __presence |= 1
                        __f0 = reader._decodeInt(&sink, path, "a")
                    } else {
                        _ = reader.skipValue(&sink)
                    }
                case 1:
                    if reader.keyMatches(__key, "n") {
                        __presence |= 2
                        if reader._consumeNullIfPresent() {
                            reader._nullNotAllowed(&sink, path, "n", "Nested")
                        } else {
                            __f1 = Nested._assay(
                                from: &reader, into: &sink, at: path + [.key("n")], context: context)
                        }
                    } else {
                        _ = reader.skipValue(&sink)
                    }
                default:
                    _ = reader.skipValue(&sink)
                }
            if reader.tryConsume(0x2C) { continue }
            break
        }
        guard reader.tryConsume(0x7D) else {
            reader.reportMalformed(&sink, path)
            reader.leaveContainer()
            return nil
        }
    }
    reader.leaveContainer()

        if __presence & 1 == 0 {
            reader._missingRequired(&sink, path, "a")
        }
        if __presence & 2 == 0 {
            reader._missingRequired(&sink, path, "n")
        }


        guard let __v0 = __f0 else { return nil }
        guard let __v1 = __f1 else { return nil }
    let __result = S(a: __v0, n: __v1)

    guard sink.checkpoint() == __ck0 else { return nil }
    return __result
}}
