extension GoldenArrayElement: Assay.JSONAssayable {nonisolated static let __assayKeyTable: [UInt8] = {
    var t = [UInt8](repeating: 2, count: 256)
        t[120] = 0
        t[121] = 1
    return t
}()

nonisolated public static func _assay(
    from reader: inout Assay.AssayReader,
    into sink: inout Assay.IssueSink,
    at path: inout [Assay.PathStep]
) -> GoldenArrayElement? {
    guard reader.tryConsume(0x7B) else {
        reader.reportTypeMismatch(&sink, path, expected: "object")
        _ = reader.skipValue(&sink)
        return nil
    }
    guard reader.enterContainer(&sink) else { return nil }
    // Issues THIS decode added, not issues that exist. `sink.isValid` asks "has
    // anything ever failed?", which is wrong the moment one sink spans more than
    // one decode — a driver collecting every issue from a result set would find
    // one bad row silently discarding every good row after it.
    let __ck0 = sink.checkpoint()

    var __f0: Int? = nil
    var __f1: String? = nil
    var __presence: UInt64 = 0

    if !reader.tryConsume(0x7D) {
        while true {
            guard let __key = reader.scanKey() else {
                reader.reportMalformed(&sink, path, expected: "a key in double quotes")
                reader.leaveContainer()
                return nil
            }
            guard reader.expect(0x3A) else {
                reader.reportMalformed(&sink, path, expected: "':' after the key")
                reader.leaveContainer()
                return nil
            }
                let __w = reader._keyWindow(
                    __key,
                    byteOffset: 0,
                    shift: 0)
                switch Self.__assayKeyTable[Int(__w)] {
                case 0:
                    if reader.keyMatches(__key, "x") {
                        __presence |= 1
                        __f0 = reader._decodeInt(&sink, path, "x")
                    } else {
                        _ = reader.skipValue(&sink)
                    }
                case 1:
                    if reader.keyMatches(__key, "y") {
                        __presence |= 2
                        __f1 = reader._decodeString(&sink, path, "y")
                    } else {
                        _ = reader.skipValue(&sink)
                    }
                default:
                    _ = reader.skipValue(&sink)
                }
            if reader.tryConsume(0x2C) { continue }
            break
        }
        guard reader.tryConsume(0x7D) else {
            reader.reportMalformed(&sink, path, expected: "',' or '}'")
            reader.leaveContainer()
            return nil
        }
    }
    reader.leaveContainer()

        if __presence & 1 == 0 {
            reader._missingRequired(&sink, path, "x")
        }
        if __presence & 2 == 0 {
            reader._missingRequired(&sink, path, "y")
        }


        guard let __v0 = __f0 else { return nil }
        guard let __v1 = __f1 else { return nil }
    let __result = GoldenArrayElement(x: __v0, y: __v1)

    guard sink.checkpoint() == __ck0 else { return nil }
    return __result
}}
