extension GoldenSources: Assay.JSONAssayable, Assay.SourceDecodable {nonisolated static let __assayKeyTable: [UInt8] = {
    var t = [UInt8](repeating: 5, count: 256)
        t[97] = 0
        t[98] = 1
        t[99] = 2
        t[110] = 3
        t[119] = 4
    return t
}()

nonisolated public static func _assay(
    from reader: inout Assay.AssayReader,
    into sink: inout Assay.IssueSink,
    at path: [Assay.PathComponent]
) -> GoldenSources? {
    guard reader.tryConsume(0x7B) else {
        reader.reportTypeMismatch(&sink, path, expected: "object")
        return nil
    }
    guard reader.enterContainer(&sink) else { return nil }
    // Issues THIS decode added, not issues that exist. `sink.isValid` asks "has
    // anything ever failed?", which is wrong the moment one sink spans more than
    // one decode — a driver collecting every issue from a result set would find
    // one bad row silently discarding every good row after it.
    let __ck0 = sink.checkpoint()

    var __f0: Int? = nil
    var __f1: String? = nil
    var __f2: Double? = nil
    var __f3: Int? = nil
    var __f4: Date? = nil
    var __presence: UInt64 = 0

    if !reader.tryConsume(0x7D) {
        while true {
            guard let __key = reader.scanKey() else {
                reader.reportMalformed(&sink, path)
                reader.leaveContainer()
                return nil
            }
            guard reader.expect(0x3A) else {
                reader.reportMalformed(&sink, path)
                reader.leaveContainer()
                return nil
            }
                let __w = reader._keyWindow(
                    __key,
                    byteOffset: 0,
                    shift: 0)
                switch Self.__assayKeyTable[Int(__w)] {
                case 0:
                    if reader.keyMatches(__key, "a") {
                        __presence |= 1
                        __f0 = reader._decodeInt(&sink, path, "a")
                    } else {
                        _ = reader.skipValue(&sink)
                    }
                case 1:
                    if reader.keyMatches(__key, "b") {
                        __presence |= 2
                        __f1 = reader._decodeString(&sink, path, "b")
                    } else {
                        _ = reader.skipValue(&sink)
                    }
                case 2:
                    if reader.keyMatches(__key, "c") {
                        __presence |= 4
                        if let __r = reader._decodeDoubleOrNull(&sink, path, "c") { __f2 = __r }
                    } else {
                        _ = reader.skipValue(&sink)
                    }
                case 3:
                    if reader.keyMatches(__key, "n") {
                        __presence |= 8
                        __f3 = reader._decodeIntCoercing(&sink, path, "n")
                    } else {
                        _ = reader.skipValue(&sink)
                    }
                case 4:
                    if reader.keyMatches(__key, "when") {
                        __presence |= 16
                        __f4 = reader._decodeDate(&sink, path, "when", Assay.DateFormat.defaultFormats).map { Date(timeIntervalSince1970: $0) }
                    } else {
                        _ = reader.skipValue(&sink)
                    }
                default:
                    _ = reader.skipValue(&sink)
                }
            if reader.tryConsume(0x2C) { continue }
            break
        }
        guard reader.tryConsume(0x7D) else {
            reader.reportMalformed(&sink, path)
            reader.leaveContainer()
            return nil
        }
    }
    reader.leaveContainer()

        if __presence & 1 == 0 {
            reader._missingRequired(&sink, path, "a")
        }
        if __presence & 2 == 0 {
            reader._missingRequired(&sink, path, "b")
        }
        if __presence & 8 == 0 {
            reader._missingRequired(&sink, path, "n")
        }
        if __presence & 16 == 0 {
            reader._missingRequired(&sink, path, "when")
        }


        guard let __v0 = __f0 else { return nil }
        guard let __v1 = __f1 else { return nil }
        guard let __v3 = __f3 else { return nil }
        guard let __v4 = __f4 else { return nil }
    let __result = GoldenSources(a: __v0, b: __v1, c: __f2, n: __v3, when: __v4)

    guard sink.checkpoint() == __ck0 else { return nil }
    return __result
}

nonisolated public static let _assayManifest = Assay.FieldManifest(fields: [
        .init(key: "a", kind: .int, isOptional: false, hasDefault: false),
        .init(key: "b", kind: .string, isOptional: false, hasDefault: false),
        .init(key: "c", kind: .double, isOptional: true, hasDefault: false),
        .init(key: "n", kind: .int, isOptional: false, hasDefault: false),
        .init(key: "when", kind: .custom("Date"), isOptional: false, hasDefault: false),
])

/// Decode a whole batch, one sequential pass per column.
///
/// The inversion a column store wants: N records over M columns row-by-row is N×M
/// strided reads; this is M sequential ones. Rules, defaults and presence behave
/// exactly as they do on every other path, and issues carry the row index.
nonisolated public static func _assayBatch<__C: Assay.ColumnarSource & ~Copyable>(
    from source: borrowing __C,
    into sink: inout Assay.IssueSink,
    at path: [Assay.PathComponent]
) -> [GoldenSources] {
    var __columnMissing = false
        let __c0 = source.int64Column("a", 0)
        let __n0 = source.nulls("a", 0)
        if __c0 == nil {
            Assay._assayColumnMissing(&sink, path, "a", "int")
            __columnMissing = true
        }
        let __c1 = source.stringColumn("b", 1)
        let __n1 = source.nulls("b", 1)
        if __c1 == nil {
            Assay._assayColumnMissing(&sink, path, "b", "string")
            __columnMissing = true
        }
        let __c2 = source.doubleColumn("c", 2)
        let __n2 = source.nulls("c", 2)
        let __c3 = source.int64Column("n", 3)
        let __t3: [String]? = __c3 == nil ? source.stringColumn("n", 3) : nil
        let __n3 = source.nulls("n", 3)
        if __c3 == nil, __t3 == nil {
            Assay._assayColumnMissing(&sink, path, "n", "int")
            __columnMissing = true
        }
        let __c4 = Assay._assayFetchColumn(Date.self, from: source, "when", 4)
        let __t4: [String]? = __c4 == nil ? source.stringColumn("when", 4) : nil
        let __d4: [Double]? = __c4 == nil && __t4 == nil ? source.doubleColumn("when", 4) : nil
        let __n4 = source.nulls("when", 4)
        if __c4 == nil, __t4 == nil, __d4 == nil {
            Assay._assayColumnMissing(&sink, path, "when", "Date")
            __columnMissing = true
        }
        if __columnMissing { return [] }
    var __out: [GoldenSources] = []
    __out.reserveCapacity(source.rowCount)

    // The row index reaches every issue through the sink, not through a path built
    // per row: `sink.add` inserts it, cold, only when something is reported.
    for __r in 0..<source.rowCount {
        sink._enterRow(__r, depth: path.count)
            var __f0: Int? = nil
            if let __col0 = __c0, __r < __col0.count,
               !Assay._assayIsNullAt(__n0, __r) {
                guard let __x0 = Int(exactly: __col0[__r]) else {
                    Assay._assayRowOverflow(&sink, path, "a", __col0[__r])
                    continue
                }
                __f0 = __x0
            }

            var __f1: String? = nil
            if let __col1 = __c1, __r < __col1.count,
               !Assay._assayIsNullAt(__n1, __r) {
                __f1 = __col1[__r]
            }

            var __f2: Double? = nil
            if let __col2 = __c2, __r < __col2.count,
               !Assay._assayIsNullAt(__n2, __r) {
                __f2 = __col2[__r]
            }

            var __f3: Int? = nil
            if let __col3 = __c3, __r < __col3.count,
               !Assay._assayIsNullAt(__n3, __r) {
                guard let __x3 = Int(exactly: __col3[__r]) else {
                    Assay._assayRowOverflow(&sink, path, "n", __col3[__r])
                    continue
                }
                __f3 = __x3
            } else if let __txt3 = __t3, __r < __txt3.count,
               !Assay._assayIsNullAt(__n3, __r) {
                guard let __x3 = Assay._assayCoerceInt64(__txt3[__r]) else {
                    Assay._assayRowMismatch(&sink, path, "n", "integer", __txt3[__r]); continue
                }
                guard let __y3 = Int(exactly: __x3) else {
                    Assay._assayRowOverflow(&sink, path, "n", __x3); continue
                }
                __f3 = __y3
            }

            var __f4: Date? = nil
            if let __col4 = __c4, __r < __col4.count,
               !Assay._assayIsNullAt(__col4.nulls, __r) {
                __f4 = Date(assayColumn: __col4, row: __r, metadata: __col4.metadata)
            } else if let __txt4 = __t4, __r < __txt4.count,
               !Assay._assayIsNullAt(__n4, __r) {
                guard let __s4 = Assay.RawValue.string(__txt4[__r])._assayDate(&sink, path, "when", Assay.DateFormat.defaultFormats) else { continue }
                __f4 = Date(timeIntervalSince1970: __s4)
            } else if let __dbl4 = __d4, __r < __dbl4.count,
                      !Assay._assayIsNullAt(__n4, __r) {
                guard let __s4 = Assay.RawValue.double(__dbl4[__r])._assayDate(&sink, path, "when", Assay.DateFormat.defaultFormats) else { continue }
                __f4 = Date(timeIntervalSince1970: __s4)
            }


            guard let __v0 = __f0 else {
                Assay._assayRowMissing(&sink, path, "a")
                continue
            }
            guard let __v1 = __f1 else {
                Assay._assayRowMissing(&sink, path, "b")
                continue
            }
            guard let __v3 = __f3 else {
                Assay._assayRowMissing(&sink, path, "n")
                continue
            }
            guard let __v4 = __f4 else {
                Assay._assayRowMissing(&sink, path, "when")
                continue
            }
        __out.append(GoldenSources(a: __v0, b: __v1, c: __f2, n: __v3, when: __v4))
    }
    sink._leaveRows()
    return __out
}}
