extension GoldenXMLText: Assay.RawDecodable, Assay.RawEncodableSchema, Assay.XMLEncodableSchema {nonisolated public static func _assay(
    from raw: Assay.RawValue,
    into sink: inout Assay.IssueSink,
    at path: inout [Assay.PathStep]
) -> GoldenXMLText? {
    guard case .mapping(let __members) = raw else {
        Assay.RawValue._notAnObject(&sink, path, raw)
        return nil
    }
    // See the note in the JSON body: local validity, not global.
    let __ck0 = sink.checkpoint()

    var __sp0: Assay.SourceSpan? = nil
    var __sp1: Assay.SourceSpan? = nil
    var __f0: String? = nil
    var __f1: String? = nil
    var __presence: UInt64 = 0

    for __m in __members {
        let __k = __m.key
        let __v = __m.value
        switch __k.utf8.count {
            case 0:
                if __k == "" {
                    __presence |= 2
                    __sp1 = __m.span
                    if !__v.isNull { __f1 = __v._assayString(&sink, path, "body", at: __sp1) }
                } else {
                    break
                }
            case 4:
                if __k == "lang" {
                    __presence |= 1
                    __sp0 = __m.span
                    __f0 = __v._assayString(&sink, path, "lang", at: __sp0)
                } else if __k == "body" {
                    __presence |= 2
                    __sp1 = __m.span
                    if !__v.isNull { __f1 = __v._assayString(&sink, path, "body", at: __sp1) }
                } else {
                    break
                }
            default:
            break
        }
    }

        if __presence & 1 == 0 {
            Assay.RawValue._missing(&sink, path, "lang")
        }


        guard let __v0 = __f0 else { return nil }
    let __result = GoldenXMLText(lang: __v0, body: __f1)

    guard sink.checkpoint() == __ck0 else { return nil }
    return __result
}

nonisolated public func _assayEncodeRaw(
    into sink: inout Assay.IssueSink,
    at path: [Assay.PathStep]
) -> Assay.RawValue {
    var __m: [Assay.RawValue.Member] = []
    __m.reserveCapacity(2)
        __m.append(.init(key: "lang", value: .string(self.lang)))
        __m.append(.init(key: "body", value: (self.body.map { __o in .string(__o) } ?? .null)))
    return .mapping(__m)
}

nonisolated public static var _assayXMLRoot: String { "GoldenXMLText" }

nonisolated public func _assayEncodeXML(
    into w: inout Assay.XMLWriter,
    into sink: inout Assay.IssueSink,
    at path: [Assay.PathStep],
    element __name: String
) {
    w.beginElement(__name)
        w.attribute("lang", self.lang)
        if let __t1 = self.body { w.text(__t1) }
    w.endElement(__name)
}}
